2026-03-24 17:01:32 [INF] Worker started {"SourceContext":"FileRepoProcessor.Worker","Application":"FileRepoProcessor","Environment":"Development"}
2026-03-24 17:02:48 [INF] Processing file C:\Users\sn\Repo\Dupe.dwg {"SourceContext":"FileRepoProcessor.Worker","Application":"FileRepoProcessor","Environment":"Development"}
2026-03-24 17:02:48 [INF] [ProcessCAD] Key C:\Users\sn\Cache\Dupe_dwg\_x.txt does not exist. Processing normally  {"SourceContext":"FileRepoProcessor.FileProcessor","Application":"FileRepoProcessor","Environment":"Development"}
2026-03-24 17:02:48 [INF] [OCConvert] Into OCConver Function {"SourceContext":"FileRepoProcessor.FileProcessor","Application":"FileRepoProcessor","Environment":"Development"}
2026-03-24 17:02:48 [INF] [PostURI] Into PostURI for url: https://oc.wiseindex.app/files and Token number: df1dceb8e2d6f6b0894363b085801e36 {"SourceContext":"FileRepoProcessor.FileProcessor","Application":"FileRepoProcessor","Environment":"Development"}
2026-03-24 17:02:50 [INF] [PostURI] OK {"SourceContext":"FileRepoProcessor.FileProcessor","Application":"FileRepoProcessor","Environment":"Development"}
2026-03-24 17:02:51 [INF] [fetchOCFiles] Into OCFilesBinary for CAD thumbnail creation {"SourceContext":"FileRepoProcessor.FileProcessor","Application":"FileRepoProcessor","Environment":"Development"}
2026-03-24 17:02:51 [INF] [saveTFile] Timestamp file saved successfully at C:\Users\sn\Cache\Dupe_dwg\_T {"SourceContext":"FileRepoProcessor.FileProcessor","Application":"FileRepoProcessor","Environment":"Development"}
2026-03-24 17:03:01 [INF] [fetchOCFiles] Successfully fetched job file: textdata {"SourceContext":"FileRepoProcessor.FileProcessor","Application":"FileRepoProcessor","Environment":"Development"}
2026-03-24 17:03:01 [INF] [fetchOCFiles] Successfully fetched job file: xdata {"SourceContext":"FileRepoProcessor.FileProcessor","Application":"FileRepoProcessor","Environment":"Development"}
2026-03-24 17:03:06 [INF] [fetchOCFiles] Thumbnail fetched successfully: OK {"SourceContext":"FileRepoProcessor.FileProcessor","Application":"FileRepoProcessor","Environment":"Development"}
2026-03-24 17:03:57 [INF] Worker started {"SourceContext":"FileRepoProcessor.Worker","Application":"FileRepoProcessor","Environment":"Development"}
2026-03-24 17:03:58 [INF] Processing file E:\2026\MyDataSet\Repo\7 LAYOUT  dakshin puri banjara camp.dwg {"SourceContext":"FileRepoProcessor.Worker","Application":"FileRepoProcessor","Environment":"Development"}
2026-03-24 17:03:58 [INF] [ProcessCAD] Key E:\2026\MyDataSet\Cache\7 LAYOUT  dakshin puri banjara camp_dwg\_x.txt does not exist. Processing normally  {"SourceContext":"FileRepoProcessor.FileProcessor","Application":"FileRepoProcessor","Environment":"Development"}
2026-03-24 17:03:58 [INF] [OCConvert] Into OCConver Function {"SourceContext":"FileRepoProcessor.FileProcessor","Application":"FileRepoProcessor","Environment":"Development"}
2026-03-24 17:03:58 [INF] [PostURI] Into PostURI for url: https://oc.wiseindex.app/files and Token number: df1dceb8e2d6f6b0894363b085801e36 {"SourceContext":"FileRepoProcessor.FileProcessor","Application":"FileRepoProcessor","Environment":"Development"}
2026-03-24 17:03:58 [INF] Processing file E:\2026\MyDataSet\Repo\BuildingSection.dwg {"SourceContext":"FileRepoProcessor.Worker","Application":"FileRepoProcessor","Environment":"Development"}
2026-03-24 17:03:58 [INF] [ProcessCAD] Key E:\2026\MyDataSet\Cache\BuildingSection_dwg\_x.txt does not exist. Processing normally  {"SourceContext":"FileRepoProcessor.FileProcessor","Application":"FileRepoProcessor","Environment":"Development"}
2026-03-24 17:03:58 [INF] [OCConvert] Into OCConver Function {"SourceContext":"FileRepoProcessor.FileProcessor","Application":"FileRepoProcessor","Environment":"Development"}
2026-03-24 17:03:58 [INF] [PostURI] Into PostURI for url: https://oc.wiseindex.app/files and Token number: df1dceb8e2d6f6b0894363b085801e36 {"SourceContext":"FileRepoProcessor.FileProcessor","Application":"FileRepoProcessor","Environment":"Development"}
2026-03-24 17:03:59 [INF] Processing file E:\2026\MyDataSet\Repo\CIRA.ifc {"SourceContext":"FileRepoProcessor.Worker","Application":"FileRepoProcessor","Environment":"Development"}
2026-03-24 17:03:59 [INF] [PostURI] OK {"SourceContext":"FileRepoProcessor.FileProcessor","Application":"FileRepoProcessor","Environment":"Development"}
2026-03-24 17:03:59 [INF] [PostURI] OK {"SourceContext":"FileRepoProcessor.FileProcessor","Application":"FileRepoProcessor","Environment":"Development"}
2026-03-24 17:03:59 [INF] [ProcessCAD] Key E:\2026\MyDataSet\Cache\CIRA_ifc\_x.txt does not exist. Processing normally  {"SourceContext":"FileRepoProcessor.FileProcessor","Application":"FileRepoProcessor","Environment":"Development"}
2026-03-24 17:03:59 [INF] [OCConvert] Into OCConver Function {"SourceContext":"FileRepoProcessor.FileProcessor","Application":"FileRepoProcessor","Environment":"Development"}
2026-03-24 17:03:59 [INF] [PostURI] Into PostURI for url: https://oc.wiseindex.app/files and Token number: df1dceb8e2d6f6b0894363b085801e36 {"SourceContext":"FileRepoProcessor.FileProcessor","Application":"FileRepoProcessor","Environment":"Development"}
2026-03-24 17:03:59 [INF] Processing file E:\2026\MyDataSet\Repo\PROCESS OF SDK INSTALLATION.pdf {"SourceContext":"FileRepoProcessor.Worker","Application":"FileRepoProcessor","Environment":"Development"}
2026-03-24 17:04:00 [INF] [fetchOCFiles] Into OCFilesBinary for CAD thumbnail creation {"SourceContext":"FileRepoProcessor.FileProcessor","Application":"FileRepoProcessor","Environment":"Development"}
2026-03-24 17:04:00 [INF] [saveTFile] Timestamp file saved successfully at E:\2026\MyDataSet\Cache\BuildingSection_dwg\_T {"SourceContext":"FileRepoProcessor.FileProcessor","Application":"FileRepoProcessor","Environment":"Development"}
2026-03-24 17:04:00 [INF] [fetchOCFiles] Into OCFilesBinary for CAD thumbnail creation {"SourceContext":"FileRepoProcessor.FileProcessor","Application":"FileRepoProcessor","Environment":"Development"}
2026-03-24 17:04:00 [INF] [saveTFile] Timestamp file saved successfully at E:\2026\MyDataSet\Cache\7 LAYOUT  dakshin puri banjara camp_dwg\_T {"SourceContext":"FileRepoProcessor.FileProcessor","Application":"FileRepoProcessor","Environment":"Development"}
2026-03-24 17:04:02 [INF] [PostURI] OK {"SourceContext":"FileRepoProcessor.FileProcessor","Application":"FileRepoProcessor","Environment":"Development"}
2026-03-24 17:04:02 [INF] [saveTFile] Timestamp file saved successfully at E:\2026\MyDataSet\Cache\CIRA_ifc\_T {"SourceContext":"FileRepoProcessor.FileProcessor","Application":"FileRepoProcessor","Environment":"Development"}
2026-03-24 17:04:14 [ERR] [PdfToSVGConverter:556] Error: Could not find a part of the path 'E:\2026\MyDataSet\Cache\PROCESS OF SDK INSTALLATION_pdf\_S\1'. {"SourceContext":"FileRepoProcessor.FileProcessor","Application":"FileRepoProcessor","Environment":"Development"}
System.IO.DirectoryNotFoundException: Could not find a part of the path 'E:\2026\MyDataSet\Cache\PROCESS OF SDK INSTALLATION_pdf\_S\1'.
   at Microsoft.Win32.SafeHandles.SafeFileHandle.CreateFile(String fullPath, FileMode mode, FileAccess access, FileShare share, FileOptions options)
   at Microsoft.Win32.SafeHandles.SafeFileHandle.Open(String fullPath, FileMode mode, FileAccess access, FileShare share, FileOptions options, Int64 preallocationSize)
   at System.IO.File.OpenHandle(String path, FileMode mode, FileAccess access, FileShare share, FileOptions options, Int64 preallocationSize)
   at System.IO.File.WriteAllBytes(String path, Byte[] bytes)
   at FileRepoProcessor.FileProcessor.PdfToSVGConverter(String source, String dest, PdfDocument doc) in F:\FileRepoProcessor\FileRepoProcessor\FileProcessor.cs:line 548
2026-03-24 17:04:21 [INF] [PdfToThmConverter] Thumbnail conversion successful for E:\2026\MyDataSet\Repo\PROCESS OF SDK INSTALLATION.pdf {"SourceContext":"FileRepoProcessor.FileProcessor","Application":"FileRepoProcessor","Environment":"Development"}
2026-03-24 17:04:21 [INF] [saveIndexFile] Index file creation successful at E:\2026\MyDataSet\Cache\PROCESS OF SDK INSTALLATION_pdf\index.json {"SourceContext":"FileRepoProcessor.FileProcessor","Application":"FileRepoProcessor","Environment":"Development"}
2026-03-24 17:04:21 [INF] [saveTFile] Timestamp file saved successfully at E:\2026\MyDataSet\Cache\PROCESS OF SDK INSTALLATION_pdf\_T {"SourceContext":"FileRepoProcessor.FileProcessor","Application":"FileRepoProcessor","Environment":"Development"}
2026-03-24 17:04:33 [INF] [fetchOCFiles] Exceeded 10 attempts..
Unable to fetch xdata at this moment... {"SourceContext":"FileRepoProcessor.FileProcessor","Application":"FileRepoProcessor","Environment":"Development"}
2026-03-24 17:04:33 [INF] [fetchOCFiles] Exceeded 10 attempts..
Unable to fetch textdata at this moment... {"SourceContext":"FileRepoProcessor.FileProcessor","Application":"FileRepoProcessor","Environment":"Development"}
2026-03-24 17:04:33 [INF] [fetchOCFiles] Exceeded 10 attempts..
Unable to fetch textdata at this moment... {"SourceContext":"FileRepoProcessor.FileProcessor","Application":"FileRepoProcessor","Environment":"Development"}
2026-03-24 17:04:33 [INF] [fetchOCFiles] Exceeded 10 attempts..
Unable to fetch xdata at this moment... {"SourceContext":"FileRepoProcessor.FileProcessor","Application":"FileRepoProcessor","Environment":"Development"}
2026-03-24 17:04:33 [INF] [fetchOCFiles] Successfully fetched job file: xdata {"SourceContext":"FileRepoProcessor.FileProcessor","Application":"FileRepoProcessor","Environment":"Development"}
2026-03-24 17:04:59 [INF] [fetchOCFiles] Thumbnail fetched successfully: OK {"SourceContext":"FileRepoProcessor.FileProcessor","Application":"FileRepoProcessor","Environment":"Development"}
2026-03-24 17:05:02 [INF] [fetchOCFiles] Thumbnail fetched successfully: OK {"SourceContext":"FileRepoProcessor.FileProcessor","Application":"FileRepoProcessor","Environment":"Development"}
2026-03-24 17:12:11 [INF] Worker started {"SourceContext":"FileRepoProcessor.Worker","Application":"FileRepoProcessor","Environment":"Development"}
2026-03-24 17:12:11 [INF] Processing file E:\2026\MyDataSet\Repo\7 LAYOUT  dakshin puri banjara camp.dwg {"SourceContext":"FileRepoProcessor.Worker","Application":"FileRepoProcessor","Environment":"Development"}
2026-03-24 17:12:11 [INF] [ProcessCAD] Key E:\2026\MyDataSet\Cache\7 LAYOUT  dakshin puri banjara camp_dwg\_x.txt does not exist. Processing normally  {"SourceContext":"FileRepoProcessor.FileProcessor","Application":"FileRepoProcessor","Environment":"Development"}
2026-03-24 17:12:11 [INF] [OCConvert] Into OCConver Function {"SourceContext":"FileRepoProcessor.FileProcessor","Application":"FileRepoProcessor","Environment":"Development"}
2026-03-24 17:12:11 [INF] [PostURI] Into PostURI for url: https://oc.wiseindex.app/files and Token number: df1dceb8e2d6f6b0894363b085801e36 {"SourceContext":"FileRepoProcessor.FileProcessor","Application":"FileRepoProcessor","Environment":"Development"}
2026-03-24 17:12:12 [INF] Processing file E:\2026\MyDataSet\Repo\BuildingSection.dwg {"SourceContext":"FileRepoProcessor.Worker","Application":"FileRepoProcessor","Environment":"Development"}
2026-03-24 17:12:12 [INF] [ProcessCAD] Key E:\2026\MyDataSet\Cache\BuildingSection_dwg\_x.txt does not exist. Processing normally  {"SourceContext":"FileRepoProcessor.FileProcessor","Application":"FileRepoProcessor","Environment":"Development"}
2026-03-24 17:12:12 [INF] [OCConvert] Into OCConver Function {"SourceContext":"FileRepoProcessor.FileProcessor","Application":"FileRepoProcessor","Environment":"Development"}
2026-03-24 17:12:12 [INF] [PostURI] Into PostURI for url: https://oc.wiseindex.app/files and Token number: df1dceb8e2d6f6b0894363b085801e36 {"SourceContext":"FileRepoProcessor.FileProcessor","Application":"FileRepoProcessor","Environment":"Development"}
2026-03-24 17:12:12 [INF] [PostURI] OK {"SourceContext":"FileRepoProcessor.FileProcessor","Application":"FileRepoProcessor","Environment":"Development"}
2026-03-24 17:12:12 [INF] [PostURI] OK {"SourceContext":"FileRepoProcessor.FileProcessor","Application":"FileRepoProcessor","Environment":"Development"}
2026-03-24 17:12:12 [INF] Processing file E:\2026\MyDataSet\Repo\CIRA.ifc {"SourceContext":"FileRepoProcessor.Worker","Application":"FileRepoProcessor","Environment":"Development"}
2026-03-24 17:12:12 [INF] [ProcessCAD] Key E:\2026\MyDataSet\Cache\CIRA_ifc\_x.txt does not exist. Processing normally  {"SourceContext":"FileRepoProcessor.FileProcessor","Application":"FileRepoProcessor","Environment":"Development"}
2026-03-24 17:12:12 [INF] [OCConvert] Into OCConver Function {"SourceContext":"FileRepoProcessor.FileProcessor","Application":"FileRepoProcessor","Environment":"Development"}
2026-03-24 17:12:12 [INF] [PostURI] Into PostURI for url: https://oc.wiseindex.app/files and Token number: df1dceb8e2d6f6b0894363b085801e36 {"SourceContext":"FileRepoProcessor.FileProcessor","Application":"FileRepoProcessor","Environment":"Development"}
2026-03-24 17:12:13 [INF] Processing file E:\2026\MyDataSet\Repo\PROCESS OF SDK INSTALLATION.pdf {"SourceContext":"FileRepoProcessor.Worker","Application":"FileRepoProcessor","Environment":"Development"}
2026-03-24 17:12:14 [INF] [fetchOCFiles] Into OCFilesBinary for CAD thumbnail creation {"SourceContext":"FileRepoProcessor.FileProcessor","Application":"FileRepoProcessor","Environment":"Development"}
2026-03-24 17:12:14 [INF] [saveTFile] Timestamp file saved successfully at E:\2026\MyDataSet\Cache\BuildingSection_dwg\_T {"SourceContext":"FileRepoProcessor.FileProcessor","Application":"FileRepoProcessor","Environment":"Development"}
2026-03-24 17:12:14 [INF] [fetchOCFiles] Into OCFilesBinary for CAD thumbnail creation {"SourceContext":"FileRepoProcessor.FileProcessor","Application":"FileRepoProcessor","Environment":"Development"}
2026-03-24 17:12:14 [INF] [saveTFile] Timestamp file saved successfully at E:\2026\MyDataSet\Cache\7 LAYOUT  dakshin puri banjara camp_dwg\_T {"SourceContext":"FileRepoProcessor.FileProcessor","Application":"FileRepoProcessor","Environment":"Development"}
2026-03-24 17:12:15 [INF] [PostURI] OK {"SourceContext":"FileRepoProcessor.FileProcessor","Application":"FileRepoProcessor","Environment":"Development"}
2026-03-24 17:12:15 [INF] [saveTFile] Timestamp file saved successfully at E:\2026\MyDataSet\Cache\CIRA_ifc\_T {"SourceContext":"FileRepoProcessor.FileProcessor","Application":"FileRepoProcessor","Environment":"Development"}
2026-03-24 17:12:27 [INF] [PdfToSVGConverter] SVG Conversion successful for E:\2026\MyDataSet\Repo\PROCESS OF SDK INSTALLATION.pdf {"SourceContext":"FileRepoProcessor.FileProcessor","Application":"FileRepoProcessor","Environment":"Development"}
2026-03-24 17:12:29 [INF] [fetchOCFiles] Successfully fetched job file: xdata {"SourceContext":"FileRepoProcessor.FileProcessor","Application":"FileRepoProcessor","Environment":"Development"}
2026-03-24 17:12:34 [INF] [PdfToThmConverter] Thumbnail conversion successful for E:\2026\MyDataSet\Repo\PROCESS OF SDK INSTALLATION.pdf {"SourceContext":"FileRepoProcessor.FileProcessor","Application":"FileRepoProcessor","Environment":"Development"}
2026-03-24 17:12:34 [INF] [saveIndexFile] Index file creation successful at E:\2026\MyDataSet\Cache\PROCESS OF SDK INSTALLATION_pdf\index.json {"SourceContext":"FileRepoProcessor.FileProcessor","Application":"FileRepoProcessor","Environment":"Development"}
2026-03-24 17:12:34 [INF] [saveTFile] Timestamp file saved successfully at E:\2026\MyDataSet\Cache\PROCESS OF SDK INSTALLATION_pdf\_T {"SourceContext":"FileRepoProcessor.FileProcessor","Application":"FileRepoProcessor","Environment":"Development"}
2026-03-24 17:12:45 [INF] [fetchOCFiles] Successfully fetched job file: textdata {"SourceContext":"FileRepoProcessor.FileProcessor","Application":"FileRepoProcessor","Environment":"Development"}
2026-03-24 17:12:48 [INF] [fetchOCFiles] Exceeded 10 attempts..
Unable to fetch xdata at this moment... {"SourceContext":"FileRepoProcessor.FileProcessor","Application":"FileRepoProcessor","Environment":"Development"}
2026-03-24 17:12:48 [INF] [fetchOCFiles] Exceeded 10 attempts..
Unable to fetch textdata at this moment... {"SourceContext":"FileRepoProcessor.FileProcessor","Application":"FileRepoProcessor","Environment":"Development"}
2026-03-24 17:12:50 [INF] [fetchOCFiles] Thumbnail fetched successfully: OK {"SourceContext":"FileRepoProcessor.FileProcessor","Application":"FileRepoProcessor","Environment":"Development"}
2026-03-24 17:12:56 [INF] [fetchOCFiles] Thumbnail fetched successfully: OK {"SourceContext":"FileRepoProcessor.FileProcessor","Application":"FileRepoProcessor","Environment":"Development"}
2026-03-24 17:27:28 [INF] Worker started {"SourceContext":"FileRepoProcessor.Worker","Application":"FileRepoProcessor","Environment":"Development"}
2026-03-24 17:27:28 [INF] Processing file E:\2026\MyDataSet\Repo\Book1.xlsx {"SourceContext":"FileRepoProcessor.Worker","Application":"FileRepoProcessor","Environment":"Development"}
2026-03-24 17:27:31 [INF] [ExcelToSVGConverter] SVG and Index file creation successful for E:\2026\MyDataSet\Repo\Book1.xlsx {"SourceContext":"FileRepoProcessor.FileProcessor","Application":"FileRepoProcessor","Environment":"Development"}
2026-03-24 17:27:32 [INF] [ExcelToThmConverter] Thumbnail conversion successful for E:\2026\MyDataSet\Repo\Book1.xlsx {"SourceContext":"FileRepoProcessor.FileProcessor","Application":"FileRepoProcessor","Environment":"Development"}
2026-03-24 17:27:32 [INF] [saveTFile] Timestamp file saved successfully at E:\2026\MyDataSet\Cache\Book1_xlsx\_T {"SourceContext":"FileRepoProcessor.FileProcessor","Application":"FileRepoProcessor","Environment":"Development"}
2026-03-24 17:45:17 [INF] Processing file E:\2026\MyDataSet\Repo\19200230389.dwg {"SourceContext":"FileRepoProcessor.Worker","Application":"FileRepoProcessor","Environment":"Development"}
2026-03-24 17:45:17 [INF] [ProcessCAD] Key E:\2026\MyDataSet\Cache\19200230389_dwg\_x.txt Exists. {"SourceContext":"FileRepoProcessor.FileProcessor","Application":"FileRepoProcessor","Environment":"Development"}
2026-03-24 17:45:18 [INF] [PostURI] Into PostURI for url: https://oc.wiseindex.app/files and Token number: df1dceb8e2d6f6b0894363b085801e36 {"SourceContext":"FileRepoProcessor.FileProcessor","Application":"FileRepoProcessor","Environment":"Development"}
2026-03-24 17:45:19 [INF] [PostURI] OK {"SourceContext":"FileRepoProcessor.FileProcessor","Application":"FileRepoProcessor","Environment":"Development"}
2026-03-24 17:45:19 [INF] [PostURI] Into PostURI for url: https://oc.wiseindex.app/files and Token number: df1dceb8e2d6f6b0894363b085801e36 {"SourceContext":"FileRepoProcessor.FileProcessor","Application":"FileRepoProcessor","Environment":"Development"}
2026-03-24 17:45:19 [ERR] [PostURI:912] Error: Access to the path 'E:\2026\Desktop2026\Repo\XrefTestFolder' is denied. {"SourceContext":"FileRepoProcessor.FileProcessor","Application":"FileRepoProcessor","Environment":"Development"}
System.UnauthorizedAccessException: Access to the path 'E:\2026\Desktop2026\Repo\XrefTestFolder' is denied.
   at Microsoft.Win32.SafeHandles.SafeFileHandle.CreateFile(String fullPath, FileMode mode, FileAccess access, FileShare share, FileOptions options)
   at Microsoft.Win32.SafeHandles.SafeFileHandle.Open(String fullPath, FileMode mode, FileAccess access, FileShare share, FileOptions options, Int64 preallocationSize)
   at System.IO.Strategies.OSFileStreamStrategy..ctor(String path, FileMode mode, FileAccess access, FileShare share, FileOptions options, Int64 preallocationSize)
   at System.IO.Strategies.FileStreamHelpers.ChooseStrategyCore(String path, FileMode mode, FileAccess access, FileShare share, FileOptions options, Int64 preallocationSize)
   at System.IO.Strategies.FileStreamHelpers.ChooseStrategy(FileStream fileStream, String path, FileMode mode, FileAccess access, FileShare share, Int32 bufferSize, FileOptions options, Int64 preallocationSize)
   at System.IO.File.OpenRead(String path)
   at FileRepoProcessor.FileProcessor.PostURI(String url, String filePath, CancellationToken cancellationToken) in F:\FileRepoProcessor\FileRepoProcessor\FileProcessor.cs:line 891
2026-03-24 17:45:20 [ERR] [OCConvert:830] Error: Access to the path 'E:\2026\Desktop2026\Repo\XrefTestFolder' is denied. {"SourceContext":"FileRepoProcessor.FileProcessor","Application":"FileRepoProcessor","Environment":"Development"}
System.UnauthorizedAccessException: Access to the path 'E:\2026\Desktop2026\Repo\XrefTestFolder' is denied.
   at Microsoft.Win32.SafeHandles.SafeFileHandle.CreateFile(String fullPath, FileMode mode, FileAccess access, FileShare share, FileOptions options)
   at Microsoft.Win32.SafeHandles.SafeFileHandle.Open(String fullPath, FileMode mode, FileAccess access, FileShare share, FileOptions options, Int64 preallocationSize)
   at System.IO.Strategies.OSFileStreamStrategy..ctor(String path, FileMode mode, FileAccess access, FileShare share, FileOptions options, Int64 preallocationSize)
   at System.IO.Strategies.FileStreamHelpers.ChooseStrategyCore(String path, FileMode mode, FileAccess access, FileShare share, FileOptions options, Int64 preallocationSize)
   at System.IO.Strategies.FileStreamHelpers.ChooseStrategy(FileStream fileStream, String path, FileMode mode, FileAccess access, FileShare share, Int32 bufferSize, FileOptions options, Int64 preallocationSize)
   at System.IO.File.OpenRead(String path)
   at FileRepoProcessor.FileProcessor.PostURI(String url, String filePath, CancellationToken cancellationToken) in F:\FileRepoProcessor\FileRepoProcessor\FileProcessor.cs:line 891
   at FileRepoProcessor.FileProcessor.OCConvert(String filepath, String cacheFolder, String[] XRefPaths) in F:\FileRepoProcessor\FileRepoProcessor\FileProcessor.cs:line 800
2026-03-24 17:45:20 [ERR] [ProcessCAD:695] Error in ConvertCADAsync:    at Microsoft.Win32.SafeHandles.SafeFileHandle.CreateFile(String fullPath, FileMode mode, FileAccess access, FileShare share, FileOptions options)
   at Microsoft.Win32.SafeHandles.SafeFileHandle.Open(String fullPath, FileMode mode, FileAccess access, FileShare share, FileOptions options, Int64 preallocationSize)
   at System.IO.Strategies.OSFileStreamStrategy..ctor(String path, FileMode mode, FileAccess access, FileShare share, FileOptions options, Int64 preallocationSize)
   at System.IO.Strategies.FileStreamHelpers.ChooseStrategyCore(String path, FileMode mode, FileAccess access, FileShare share, FileOptions options, Int64 preallocationSize)
   at System.IO.Strategies.FileStreamHelpers.ChooseStrategy(FileStream fileStream, String path, FileMode mode, FileAccess access, FileShare share, Int32 bufferSize, FileOptions options, Int64 preallocationSize)
   at System.IO.File.OpenRead(String path)
   at FileRepoProcessor.FileProcessor.PostURI(String url, String filePath, CancellationToken cancellationToken) in F:\FileRepoProcessor\FileRepoProcessor\FileProcessor.cs:line 891
   at FileRepoProcessor.FileProcessor.OCConvert(String filepath, String cacheFolder, String[] XRefPaths) in F:\FileRepoProcessor\FileRepoProcessor\FileProcessor.cs:line 800
   at FileRepoProcessor.FileProcessor.ProcessCAD(String filepath, String cacheFolder) in F:\FileRepoProcessor\FileRepoProcessor\FileProcessor.cs:line 678 {"SourceContext":"FileRepoProcessor.FileProcessor","Application":"FileRepoProcessor","Environment":"Development"}
System.UnauthorizedAccessException: Access to the path 'E:\2026\Desktop2026\Repo\XrefTestFolder' is denied.
   at Microsoft.Win32.SafeHandles.SafeFileHandle.CreateFile(String fullPath, FileMode mode, FileAccess access, FileShare share, FileOptions options)
   at Microsoft.Win32.SafeHandles.SafeFileHandle.Open(String fullPath, FileMode mode, FileAccess access, FileShare share, FileOptions options, Int64 preallocationSize)
   at System.IO.Strategies.OSFileStreamStrategy..ctor(String path, FileMode mode, FileAccess access, FileShare share, FileOptions options, Int64 preallocationSize)
   at System.IO.Strategies.FileStreamHelpers.ChooseStrategyCore(String path, FileMode mode, FileAccess access, FileShare share, FileOptions options, Int64 preallocationSize)
   at System.IO.Strategies.FileStreamHelpers.ChooseStrategy(FileStream fileStream, String path, FileMode mode, FileAccess access, FileShare share, Int32 bufferSize, FileOptions options, Int64 preallocationSize)
   at System.IO.File.OpenRead(String path)
   at FileRepoProcessor.FileProcessor.PostURI(String url, String filePath, CancellationToken cancellationToken) in F:\FileRepoProcessor\FileRepoProcessor\FileProcessor.cs:line 891
   at FileRepoProcessor.FileProcessor.OCConvert(String filepath, String cacheFolder, String[] XRefPaths) in F:\FileRepoProcessor\FileRepoProcessor\FileProcessor.cs:line 800
   at FileRepoProcessor.FileProcessor.ProcessCAD(String filepath, String cacheFolder) in F:\FileRepoProcessor\FileRepoProcessor\FileProcessor.cs:line 678
2026-03-24 17:49:17 [INF] Worker started {"SourceContext":"FileRepoProcessor.Worker","Application":"FileRepoProcessor","Environment":"Development"}
2026-03-24 17:49:17 [INF] Processing file E:\2026\MyDataSet\Repo\19200230389.dwg {"SourceContext":"FileRepoProcessor.Worker","Application":"FileRepoProcessor","Environment":"Development"}
2026-03-24 17:49:17 [INF] [ProcessCAD] Key E:\2026\MyDataSet\Cache\19200230389_dwg\_x.txt Exists. {"SourceContext":"FileRepoProcessor.FileProcessor","Application":"FileRepoProcessor","Environment":"Development"}
2026-03-24 17:49:17 [INF] [PostURI] Into PostURI for url: https://oc.wiseindex.app/files and Token number: df1dceb8e2d6f6b0894363b085801e36 {"SourceContext":"FileRepoProcessor.FileProcessor","Application":"FileRepoProcessor","Environment":"Development"}
2026-03-24 17:49:18 [INF] [PostURI] OK {"SourceContext":"FileRepoProcessor.FileProcessor","Application":"FileRepoProcessor","Environment":"Development"}
2026-03-24 17:49:18 [INF] [PostURI] Into PostURI for url: https://oc.wiseindex.app/files and Token number: df1dceb8e2d6f6b0894363b085801e36 {"SourceContext":"FileRepoProcessor.FileProcessor","Application":"FileRepoProcessor","Environment":"Development"}
2026-03-24 17:49:18 [ERR] [PostURI:912] Error: Access to the path 'E:\2026\Desktop2026\Repo\XrefTestFolder' is denied. {"SourceContext":"FileRepoProcessor.FileProcessor","Application":"FileRepoProcessor","Environment":"Development"}
System.UnauthorizedAccessException: Access to the path 'E:\2026\Desktop2026\Repo\XrefTestFolder' is denied.
   at Microsoft.Win32.SafeHandles.SafeFileHandle.CreateFile(String fullPath, FileMode mode, FileAccess access, FileShare share, FileOptions options)
   at Microsoft.Win32.SafeHandles.SafeFileHandle.Open(String fullPath, FileMode mode, FileAccess access, FileShare share, FileOptions options, Int64 preallocationSize)
   at System.IO.Strategies.OSFileStreamStrategy..ctor(String path, FileMode mode, FileAccess access, FileShare share, FileOptions options, Int64 preallocationSize)
   at System.IO.Strategies.FileStreamHelpers.ChooseStrategyCore(String path, FileMode mode, FileAccess access, FileShare share, FileOptions options, Int64 preallocationSize)
   at System.IO.Strategies.FileStreamHelpers.ChooseStrategy(FileStream fileStream, String path, FileMode mode, FileAccess access, FileShare share, Int32 bufferSize, FileOptions options, Int64 preallocationSize)
   at System.IO.File.OpenRead(String path)
   at FileRepoProcessor.FileProcessor.PostURI(String url, String filePath, CancellationToken cancellationToken) in F:\FileRepoProcessor\FileRepoProcessor\FileProcessor.cs:line 891
2026-03-24 17:49:18 [ERR] [OCConvert:830] Error: Access to the path 'E:\2026\Desktop2026\Repo\XrefTestFolder' is denied. {"SourceContext":"FileRepoProcessor.FileProcessor","Application":"FileRepoProcessor","Environment":"Development"}
System.UnauthorizedAccessException: Access to the path 'E:\2026\Desktop2026\Repo\XrefTestFolder' is denied.
   at Microsoft.Win32.SafeHandles.SafeFileHandle.CreateFile(String fullPath, FileMode mode, FileAccess access, FileShare share, FileOptions options)
   at Microsoft.Win32.SafeHandles.SafeFileHandle.Open(String fullPath, FileMode mode, FileAccess access, FileShare share, FileOptions options, Int64 preallocationSize)
   at System.IO.Strategies.OSFileStreamStrategy..ctor(String path, FileMode mode, FileAccess access, FileShare share, FileOptions options, Int64 preallocationSize)
   at System.IO.Strategies.FileStreamHelpers.ChooseStrategyCore(String path, FileMode mode, FileAccess access, FileShare share, FileOptions options, Int64 preallocationSize)
   at System.IO.Strategies.FileStreamHelpers.ChooseStrategy(FileStream fileStream, String path, FileMode mode, FileAccess access, FileShare share, Int32 bufferSize, FileOptions options, Int64 preallocationSize)
   at System.IO.File.OpenRead(String path)
   at FileRepoProcessor.FileProcessor.PostURI(String url, String filePath, CancellationToken cancellationToken) in F:\FileRepoProcessor\FileRepoProcessor\FileProcessor.cs:line 891
   at FileRepoProcessor.FileProcessor.OCConvert(String filepath, String cacheFolder, String[] XRefPaths) in F:\FileRepoProcessor\FileRepoProcessor\FileProcessor.cs:line 800
2026-03-24 17:49:18 [ERR] [ProcessCAD:695] Error in ConvertCADAsync:    at Microsoft.Win32.SafeHandles.SafeFileHandle.CreateFile(String fullPath, FileMode mode, FileAccess access, FileShare share, FileOptions options)
   at Microsoft.Win32.SafeHandles.SafeFileHandle.Open(String fullPath, FileMode mode, FileAccess access, FileShare share, FileOptions options, Int64 preallocationSize)
   at System.IO.Strategies.OSFileStreamStrategy..ctor(String path, FileMode mode, FileAccess access, FileShare share, FileOptions options, Int64 preallocationSize)
   at System.IO.Strategies.FileStreamHelpers.ChooseStrategyCore(String path, FileMode mode, FileAccess access, FileShare share, FileOptions options, Int64 preallocationSize)
   at System.IO.Strategies.FileStreamHelpers.ChooseStrategy(FileStream fileStream, String path, FileMode mode, FileAccess access, FileShare share, Int32 bufferSize, FileOptions options, Int64 preallocationSize)
   at System.IO.File.OpenRead(String path)
   at FileRepoProcessor.FileProcessor.PostURI(String url, String filePath, CancellationToken cancellationToken) in F:\FileRepoProcessor\FileRepoProcessor\FileProcessor.cs:line 891
   at FileRepoProcessor.FileProcessor.OCConvert(String filepath, String cacheFolder, String[] XRefPaths) in F:\FileRepoProcessor\FileRepoProcessor\FileProcessor.cs:line 800
   at FileRepoProcessor.FileProcessor.ProcessCAD(String filepath, String cacheFolder) in F:\FileRepoProcessor\FileRepoProcessor\FileProcessor.cs:line 678 {"SourceContext":"FileRepoProcessor.FileProcessor","Application":"FileRepoProcessor","Environment":"Development"}
System.UnauthorizedAccessException: Access to the path 'E:\2026\Desktop2026\Repo\XrefTestFolder' is denied.
   at Microsoft.Win32.SafeHandles.SafeFileHandle.CreateFile(String fullPath, FileMode mode, FileAccess access, FileShare share, FileOptions options)
   at Microsoft.Win32.SafeHandles.SafeFileHandle.Open(String fullPath, FileMode mode, FileAccess access, FileShare share, FileOptions options, Int64 preallocationSize)
   at System.IO.Strategies.OSFileStreamStrategy..ctor(String path, FileMode mode, FileAccess access, FileShare share, FileOptions options, Int64 preallocationSize)
   at System.IO.Strategies.FileStreamHelpers.ChooseStrategyCore(String path, FileMode mode, FileAccess access, FileShare share, FileOptions options, Int64 preallocationSize)
   at System.IO.Strategies.FileStreamHelpers.ChooseStrategy(FileStream fileStream, String path, FileMode mode, FileAccess access, FileShare share, Int32 bufferSize, FileOptions options, Int64 preallocationSize)
   at System.IO.File.OpenRead(String path)
   at FileRepoProcessor.FileProcessor.PostURI(String url, String filePath, CancellationToken cancellationToken) in F:\FileRepoProcessor\FileRepoProcessor\FileProcessor.cs:line 891
   at FileRepoProcessor.FileProcessor.OCConvert(String filepath, String cacheFolder, String[] XRefPaths) in F:\FileRepoProcessor\FileRepoProcessor\FileProcessor.cs:line 800
   at FileRepoProcessor.FileProcessor.ProcessCAD(String filepath, String cacheFolder) in F:\FileRepoProcessor\FileRepoProcessor\FileProcessor.cs:line 678
2026-03-24 17:55:04 [INF] Worker started {"SourceContext":"FileRepoProcessor.Worker","Application":"FileRepoProcessor","Environment":"Development"}
2026-03-24 17:55:04 [INF] Processing file E:\2026\MyDataSet\Repo\19200230389.dwg {"SourceContext":"FileRepoProcessor.Worker","Application":"FileRepoProcessor","Environment":"Development"}
2026-03-24 17:55:04 [INF] [ProcessCAD] Key E:\2026\MyDataSet\Cache\19200230389_dwg\_x.txt Exists. {"SourceContext":"FileRepoProcessor.FileProcessor","Application":"FileRepoProcessor","Environment":"Development"}
2026-03-24 17:55:04 [INF] [PostURI] Into PostURI for url: https://oc.wiseindex.app/files and Token number: df1dceb8e2d6f6b0894363b085801e36 {"SourceContext":"FileRepoProcessor.FileProcessor","Application":"FileRepoProcessor","Environment":"Development"}
2026-03-24 17:55:05 [INF] [PostURI] OK {"SourceContext":"FileRepoProcessor.FileProcessor","Application":"FileRepoProcessor","Environment":"Development"}
2026-03-24 17:55:05 [INF] [PostURI] Into PostURI for url: https://oc.wiseindex.app/files and Token number: df1dceb8e2d6f6b0894363b085801e36 {"SourceContext":"FileRepoProcessor.FileProcessor","Application":"FileRepoProcessor","Environment":"Development"}
2026-03-24 17:55:06 [INF] [PostURI] OK {"SourceContext":"FileRepoProcessor.FileProcessor","Application":"FileRepoProcessor","Environment":"Development"}
2026-03-24 17:55:06 [INF] [PutJob] Linked Successfully for E:\2026\MyDataSet\Repo\19200230389.dwg {"SourceContext":"FileRepoProcessor.FileProcessor","Application":"FileRepoProcessor","Environment":"Development"}
2026-03-24 17:55:06 [INF] [OCConvert] OC Conversion successful for E:\2026\MyDataSet\Repo\19200230389.dwg {"SourceContext":"FileRepoProcessor.FileProcessor","Application":"FileRepoProcessor","Environment":"Development"}
2026-03-24 17:55:06 [INF] [saveTFile] Timestamp file saved successfully at E:\2026\MyDataSet\Cache\19200230389_dwg\_T {"SourceContext":"FileRepoProcessor.FileProcessor","Application":"FileRepoProcessor","Environment":"Development"}
2026-03-24 18:00:52 [INF] Worker started {"SourceContext":"FileRepoProcessor.Worker","Application":"FileRepoProcessor","Environment":"Development"}
2026-03-24 18:00:52 [INF] Processing file E:\2026\MyDataSet\Repo\19200230389.dwg {"SourceContext":"FileRepoProcessor.Worker","Application":"FileRepoProcessor","Environment":"Development"}
2026-03-24 18:00:52 [INF] [ProcessCAD] Key E:\2026\MyDataSet\Cache\19200230389_dwg\_x.txt Exists. {"SourceContext":"FileRepoProcessor.FileProcessor","Application":"FileRepoProcessor","Environment":"Development"}
2026-03-24 18:00:52 [INF] [PostURI] Into PostURI for url: https://oc.wiseindex.app/files and Token number: df1dceb8e2d6f6b0894363b085801e36 {"SourceContext":"FileRepoProcessor.FileProcessor","Application":"FileRepoProcessor","Environment":"Development"}
2026-03-24 18:00:53 [INF] [PostURI] OK {"SourceContext":"FileRepoProcessor.FileProcessor","Application":"FileRepoProcessor","Environment":"Development"}
2026-03-24 18:00:54 [INF] [PostURI] Into PostURI for url: https://oc.wiseindex.app/files and Token number: df1dceb8e2d6f6b0894363b085801e36 {"SourceContext":"FileRepoProcessor.FileProcessor","Application":"FileRepoProcessor","Environment":"Development"}
2026-03-24 18:00:54 [INF] [PostURI] OK {"SourceContext":"FileRepoProcessor.FileProcessor","Application":"FileRepoProcessor","Environment":"Development"}
2026-03-24 18:01:09 [INF] [PutJob] Linked Successfully for E:\2026\MyDataSet\Repo\19200230389.dwg {"SourceContext":"FileRepoProcessor.FileProcessor","Application":"FileRepoProcessor","Environment":"Development"}
2026-03-24 18:01:09 [INF] [OCConvert] OC Conversion successful for E:\2026\MyDataSet\Repo\19200230389.dwg {"SourceContext":"FileRepoProcessor.FileProcessor","Application":"FileRepoProcessor","Environment":"Development"}
2026-03-24 18:01:09 [INF] [saveTFile] Timestamp file saved successfully at E:\2026\MyDataSet\Cache\19200230389_dwg\_T {"SourceContext":"FileRepoProcessor.FileProcessor","Application":"FileRepoProcessor","Environment":"Development"}
2026-03-24 18:02:48 [INF] Worker started {"SourceContext":"FileRepoProcessor.Worker","Application":"FileRepoProcessor","Environment":"Development"}
2026-03-24 18:02:48 [INF] Processing file E:\2026\MyDataSet\Repo\19200230389.dwg {"SourceContext":"FileRepoProcessor.Worker","Application":"FileRepoProcessor","Environment":"Development"}
2026-03-24 18:02:48 [INF] [ProcessCAD] Key E:\2026\MyDataSet\Cache\19200230389_dwg\_x.txt Exists. {"SourceContext":"FileRepoProcessor.FileProcessor","Application":"FileRepoProcessor","Environment":"Development"}
2026-03-24 18:02:48 [INF] [PostURI] Into PostURI for url: https://oc.wiseindex.app/files and Token number: df1dceb8e2d6f6b0894363b085801e36 {"SourceContext":"FileRepoProcessor.FileProcessor","Application":"FileRepoProcessor","Environment":"Development"}
2026-03-24 18:02:49 [INF] [PostURI] OK {"SourceContext":"FileRepoProcessor.FileProcessor","Application":"FileRepoProcessor","Environment":"Development"}
2026-03-24 18:02:50 [INF] [PostURI] Into PostURI for url: https://oc.wiseindex.app/files and Token number: df1dceb8e2d6f6b0894363b085801e36 {"SourceContext":"FileRepoProcessor.FileProcessor","Application":"FileRepoProcessor","Environment":"Development"}
2026-03-24 18:02:50 [INF] [PostURI] OK {"SourceContext":"FileRepoProcessor.FileProcessor","Application":"FileRepoProcessor","Environment":"Development"}
2026-03-24 18:02:50 [INF] [PutJob] Linked Successfully for E:\2026\MyDataSet\Repo\19200230389.dwg {"SourceContext":"FileRepoProcessor.FileProcessor","Application":"FileRepoProcessor","Environment":"Development"}
2026-03-24 18:02:50 [INF] [OCConvert] OC Conversion successful for E:\2026\MyDataSet\Repo\19200230389.dwg {"SourceContext":"FileRepoProcessor.FileProcessor","Application":"FileRepoProcessor","Environment":"Development"}
2026-03-24 18:02:50 [INF] [saveTFile] Timestamp file saved successfully at E:\2026\MyDataSet\Cache\19200230389_dwg\_T {"SourceContext":"FileRepoProcessor.FileProcessor","Application":"FileRepoProcessor","Environment":"Development"}
2026-03-24 18:03:29 [INF] Worker started {"SourceContext":"FileRepoProcessor.Worker","Application":"FileRepoProcessor","Environment":"Development"}
2026-03-24 18:03:29 [INF] Processing file E:\2026\MyDataSet\Repo\19200230389.dwg {"SourceContext":"FileRepoProcessor.Worker","Application":"FileRepoProcessor","Environment":"Development"}
2026-03-24 18:03:29 [INF] [ProcessCAD] Key E:\2026\MyDataSet\Cache\19200230389_dwg\_x.txt Exists. {"SourceContext":"FileRepoProcessor.FileProcessor","Application":"FileRepoProcessor","Environment":"Development"}
2026-03-24 18:03:29 [INF] [PostURI] Into PostURI for url: https://oc.wiseindex.app/files and Token number: df1dceb8e2d6f6b0894363b085801e36 {"SourceContext":"FileRepoProcessor.FileProcessor","Application":"FileRepoProcessor","Environment":"Development"}
2026-03-24 18:03:30 [INF] [PostURI] OK {"SourceContext":"FileRepoProcessor.FileProcessor","Application":"FileRepoProcessor","Environment":"Development"}
2026-03-24 18:03:30 [INF] [PostURI] Into PostURI for url: https://oc.wiseindex.app/files and Token number: df1dceb8e2d6f6b0894363b085801e36 {"SourceContext":"FileRepoProcessor.FileProcessor","Application":"FileRepoProcessor","Environment":"Development"}
2026-03-24 18:03:31 [INF] [PostURI] OK {"SourceContext":"FileRepoProcessor.FileProcessor","Application":"FileRepoProcessor","Environment":"Development"}
2026-03-24 18:03:31 [INF] [PutJob] Linked Successfully for E:\2026\MyDataSet\Repo\19200230389.dwg {"SourceContext":"FileRepoProcessor.FileProcessor","Application":"FileRepoProcessor","Environment":"Development"}
2026-03-24 18:06:14 [INF] Worker started {"SourceContext":"FileRepoProcessor.Worker","Application":"FileRepoProcessor","Environment":"Development"}
2026-03-24 18:06:14 [INF] Processing file E:\2026\MyDataSet\Repo\19200230389.dwg {"SourceContext":"FileRepoProcessor.Worker","Application":"FileRepoProcessor","Environment":"Development"}
2026-03-24 18:06:14 [INF] [ProcessCAD] Key E:\2026\MyDataSet\Cache\19200230389_dwg\_x.txt Exists. {"SourceContext":"FileRepoProcessor.FileProcessor","Application":"FileRepoProcessor","Environment":"Development"}
2026-03-24 18:06:14 [INF] [PostURI] Into PostURI for url: https://oc.wiseindex.app/files and Token number: df1dceb8e2d6f6b0894363b085801e36 {"SourceContext":"FileRepoProcessor.FileProcessor","Application":"FileRepoProcessor","Environment":"Development"}
2026-03-24 18:06:15 [INF] [PostURI] OK {"SourceContext":"FileRepoProcessor.FileProcessor","Application":"FileRepoProcessor","Environment":"Development"}
2026-03-24 18:06:15 [INF] [PostURI] Into PostURI for url: https://oc.wiseindex.app/files and Token number: df1dceb8e2d6f6b0894363b085801e36 {"SourceContext":"FileRepoProcessor.FileProcessor","Application":"FileRepoProcessor","Environment":"Development"}
2026-03-24 18:06:15 [INF] [PostURI] OK {"SourceContext":"FileRepoProcessor.FileProcessor","Application":"FileRepoProcessor","Environment":"Development"}
2026-03-24 18:06:16 [INF] [PutJob] Linked Successfully for E:\2026\MyDataSet\Repo\19200230389.dwg {"SourceContext":"FileRepoProcessor.FileProcessor","Application":"FileRepoProcessor","Environment":"Development"}
2026-03-24 18:06:21 [INF] [fetchOCFiles] Into OCFilesBinary for CAD thumbnail creation {"SourceContext":"FileRepoProcessor.FileProcessor","Application":"FileRepoProcessor","Environment":"Development"}
2026-03-24 18:06:21 [INF] [OCConvert] OC Conversion successful for E:\2026\MyDataSet\Repo\19200230389.dwg {"SourceContext":"FileRepoProcessor.FileProcessor","Application":"FileRepoProcessor","Environment":"Development"}
2026-03-24 18:06:21 [INF] [saveTFile] Timestamp file saved successfully at E:\2026\MyDataSet\Cache\19200230389_dwg\_T {"SourceContext":"FileRepoProcessor.FileProcessor","Application":"FileRepoProcessor","Environment":"Development"}
2026-03-24 18:06:28 [INF] [fetchOCFiles] Successfully fetched job file: xdata {"SourceContext":"FileRepoProcessor.FileProcessor","Application":"FileRepoProcessor","Environment":"Development"}
2026-03-24 18:06:29 [INF] [fetchOCFiles] Thumbnail fetched successfully: OK {"SourceContext":"FileRepoProcessor.FileProcessor","Application":"FileRepoProcessor","Environment":"Development"}
2026-03-24 18:06:31 [INF] [fetchOCFiles] Successfully fetched job file: textdata {"SourceContext":"FileRepoProcessor.FileProcessor","Application":"FileRepoProcessor","Environment":"Development"}
